# Tarea: Rediseño Mobile-First y Premium del Dashboard de Empleados

**Fecha:** 2026-06-26
**Proyecto:** Frontend (`app_multi`)
**Desarrollador:** Antigravity (AI Agent)

---

## Descripción de la Tarea
Se ha llevado a cabo el rediseño completo de la interfaz de tareas asignadas para empleados (`/empleados/dashboard`), enfocándose en mejorar la experiencia de usuario en dispositivos móviles y de escritorio. El diseño anterior utilizaba tablas rígidas y poco responsivas que dificultaban la operación rápida desde teléfonos móviles en planta. El nuevo diseño es mobile-first, sumamente atractivo (rich aesthetics), limpio y modular, respetando toda la lógica de negocio y la integración con los componentes de control de tiempos, insumos, lotes y fallos.

---

## Cambios Realizados

1. **Respaldos de Seguridad:**
   - Se crearon copias de seguridad de la vista y del componente original para garantizar que no se pierda funcionalidad ante cualquier eventualidad:
     - `DashboardEmpleado_backup.vue`
     - `SseOrdenesAsignadasV4_backup.vue`

2. **Cabecera Fija Superior (Sticky Header):**
   - Implementado un cabezal fijo (`.fixed-top-header`) que permanece visible al hacer scroll.
   - Contiene el nombre del departamento del empleado con tipografía moderna, buscador de órdenes o clientes, botón de contacto a supervisor vía WhatsApp (usando el teléfono de la empresa o uno por defecto) y barras de eficiencia simplificadas (tiempo y material/insumos).

3. **Separación de Órdenes y Revisiones por Pestañas:**
   - Se crearon pestañas de navegación superiores con contadores en tiempo real (`Órdenes` y `Revisiones`) para reducir la carga cognitiva del operador.

4. **Sección Colapsable Común "URGENTE":**
   - Se unificó la visualización de tareas con prioridad (`prioridad > 0`) en una sección destacada en color rojo en la parte superior, visible en ambas pestañas.

5. **Tarjetas de Tareas Responsivas (Modern Task Cards):**
   - Se eliminaron las maquetaciones en formato de tabla para dar paso a tarjetas de tareas individuales.
   - Cada tarjeta contiene:
     - Badge distintivo según el tipo de tarea (REV / ORD) con enlace rápido al detalle de la orden.
     - Indicador de cantidad de piezas y tiempo estimado (con colores según la proyección de entrega: peligro, advertencia, a tiempo o informativo).
     - Barra de progreso del tiempo de trabajo acumulado en el departamento.
     - Botón de acción rápida en el extremo derecho: icono de Play (`▷`) para iniciar tareas pendientes o Check (`✓`) para finalizar tareas en curso.
     - Fila inferior de botones de acciones secundarias (Terminar, Pausar, Insumos/Lote, Retroceder, Detalle y Daño).

6. **Estrategia CSS para Móviles (Botones Circulares):**
   - En pantallas móviles con resolución inferior a `576px`, se aplica una regla de estilos CSS que convierte los botones de acciones secundarias a formas circulares con solo el ícono visible (`font-size: 0`), de forma unificada, garantizando una excelente usabilidad táctil.

7. **Control del Click de Finalización:**
   - Para no alterar los modales dinámicos existentes ni modificar componentes hijos compartidos, el botón rápido `✓` (Check) de finalización en móviles simula programáticamente un click en el botón `[data-testid="btn-terminar-todo"]` de la tarjeta correspondiente.

8. **Barra de Lotes Flotante (Sticky Bottom Bar):**
   - Implementación de una barra inferior flotante que aparece solo cuando el usuario selecciona uno o más checkboxes de tareas pendientes. Permite iniciar tareas en lote fácilmente en los departamentos de materiales (impresión, estampado, corte).

---

## Verificación
- El código fue estructurado usando el framework Vue.js en Nuxt.js.
- Se mantuvieron intactas las llamadas de API de inicio, pausa y terminación de lotes, así como el cálculo de tiempos.
- **Resolución de Errores de Renderizado:** Se identificó y resolvió un error de tipo `TypeError: _vm.filterOrder is not a function` que impedía renderizar la interfaz de Vue debido a la omisión accidental del método `filterOrder` durante la migración desde la V4. El método fue agregado en la sección `methods` de `SseOrdenesAsignadasV5.vue`.
- El servidor de desarrollo Nuxt compiló satisfactoriamente y recargó los componentes en caliente sin errores de compilación ni errores de ejecución en consola.
- **Mejoras de Maquetación y Lógica de Datos:**
  - **Alineación de Buscador y WhatsApp:** El botón de WhatsApp se posicionó en la misma fila del buscador a la derecha (`flex-grow-1 mr-2` para el buscador y `flex-shrink-0` para el botón), optimizando el espacio y cumpliendo el flujo responsivo.
  - **Barras de Eficiencia y Pestañas:** Se movieron fuera de la cabecera fija y se colocaron en el flujo de scroll normal del contenido principal (`dashboard-content-area`) para ganar espacio vertical útil en dispositivos móviles. El padding superior se redujo a `90px` (desktop) y `85px` (móviles).
  - **Visualización Compacta del Reloj de Arena:** Se reestructuró el badge del tiempo agregando una clase `.time-text-content` flexbox para alinear el ícono de reloj de arena directamente al lado del texto, previniendo que ocupe una línea independiente.
  - **Suma de Unidades de la Orden:** Se corrigió el reduce de `dataTableEnCurso` y `dataTablePendiente` para acumular las unidades de todas las tallas/productos de una misma orden en la tarjeta deduplicada, mostrando el total correcto en lugar de solo 1 pza.
  - **Limpieza de Botón WhatsApp de Admin:** Se modificó `WsSendMsgCustomInterno.vue` para quitar el texto "WhatsApp a Empleados" del botón, dejándolo solo con el ícono y un tooltip descriptivo al pasar el cursor para un diseño unificado.
  - **Bloqueo Estricto de Tareas Secuenciales:** Se corrigió un error que permitía hacer click y forzar el inicio de tareas deshabilitadas por flujo secuencial previo. Se implementaron tres capas de seguridad: desactivación de clics físicos en el navegador vía CSS (`pointer-events: none`), escape condicional temprano en el método JS `handleRightPanelClick` y cálculo reactivo de clase `disabled-action` en las tarjetas urgentes e individuales.
  - **Identificador de Departamento en Cabecera Móvil:** Se modificó `layouts/default.vue` para reemplazar el nombre genérico de la empresa por el nombre dinámico del departamento actual del empleado (`currentDepartament`) al lado del menú Burger en la barra superior móvil.
- *Nota de entorno:* Se intentó realizar la verificación interactiva automática en el navegador con el agente, pero debido a un problema de inicialización de la conexión de automatización (CDP / localhost / resolución de DNS en 127.0.0.1) en el contenedor de ejecución, no se pudo tomar una captura de pantalla del resultado. Se ha reportado al usuario para que valide manualmente el aspecto visual en caliente.

---

## Estado
**COMPLETADO** (Verificación funcional y lógica interna exitosa; pendiente validación de aspecto visual final por parte del usuario).
